This is pdfTeX, Version 3.141592653-2.6-1.40.29 (TeX Live 2026/Arch Linux) (preloaded format=pdflatex 2026.4.8)  26 APR 2026 03:15
entering extended mode
 restricted \write18 enabled.
 file:line:error style messages enabled.
 %&-line parsing enabled.
**"/home/david/Desktop/projects/university/ai/Procesamiento de imagenes/Informe_Imagenes.tex"
(/home/david/Desktop/projects/university/ai/Procesamiento de imagenes/Informe_Imagenes.tex
LaTeX2e <2025-11-01>
L3 programming layer <2026-01-19>
(/usr/share/texmf-dist/tex/latex/base/article.cls
Document Class: article 2025/01/22 v1.4n Standard LaTeX document class
(/usr/share/texmf-dist/tex/latex/base/size11.clo
File: size11.clo 2025/01/22 v1.4n Standard LaTeX file (size option)
)
\c@part=\count275
\c@section=\count276
\c@subsection=\count277
\c@subsubsection=\count278
\c@paragraph=\count279
\c@subparagraph=\count280
\c@figure=\count281
\c@table=\count282
\abovecaptionskip=\skip49
\belowcaptionskip=\skip50
\bibindent=\dimen148
) (/usr/share/texmf-dist/tex/latex/geometry/geometry.sty
Package: geometry 2020/01/02 v5.9 Page Geometry
 (/usr/share/texmf-dist/tex/latex/graphics/keyval.sty
Package: keyval 2022/05/29 v1.15 key=value parser (DPC)
\KV@toks@=\toks17
) (/usr/share/texmf-dist/tex/generic/iftex/ifvtex.sty
Package: ifvtex 2019/10/25 v1.7 ifvtex legacy package. Use iftex instead.
 (/usr/share/texmf-dist/tex/generic/iftex/iftex.sty
Package: iftex 2024/12/12 v1.0g TeX engine tests
))
\Gm@cnth=\count283
\Gm@cntv=\count284
\c@Gm@tempcnt=\count285
\Gm@bindingoffset=\dimen149
\Gm@wd@mp=\dimen150
\Gm@odd@mp=\dimen151
\Gm@even@mp=\dimen152
\Gm@layoutwidth=\dimen153
\Gm@layoutheight=\dimen154
\Gm@layouthoffset=\dimen155
\Gm@layoutvoffset=\dimen156
\Gm@dimlist=\toks18
) (/usr/share/texmf-dist/tex/latex/base/inputenc.sty
Package: inputenc 2024/02/08 v1.3d Input encoding file
\inpenc@prehook=\toks19
\inpenc@posthook=\toks20
) (/usr/share/texmf-dist/tex/latex/base/fontenc.sty
Package: fontenc 2025/07/18 v2.1d Standard LaTeX package
) (/usr/share/texmf-dist/tex/latex/titlesec/titlesec.sty
Package: titlesec 2025/01/04 v2.17 Sectioning titles
\ttl@box=\box53
\beforetitleunit=\skip51
\aftertitleunit=\skip52
\ttl@plus=\dimen157
\ttl@minus=\dimen158
\ttl@toksa=\toks21
\titlewidth=\dimen159
\titlewidthlast=\dimen160
\titlewidthfirst=\dimen161
) (/usr/share/texmf-dist/tex/latex/enumitem/enumitem.sty
Package: enumitem 2025/02/06 v3.11 Customized lists
\labelindent=\skip53
\enit@outerparindent=\dimen162
\enit@toks=\toks22
\enit@inbox=\box54
\enit@count@id=\count286
\enitdp@description=\count287
) (/usr/share/texmf-dist/tex/latex/graphics/graphicx.sty
Package: graphicx 2024/12/31 v1.2e Enhanced LaTeX Graphics (DPC,SPQR)
 (/usr/share/texmf-dist/tex/latex/graphics/graphics.sty
Package: graphics 2024/08/06 v1.4g Standard LaTeX Graphics (DPC,SPQR)
 (/usr/share/texmf-dist/tex/latex/graphics/trig.sty
Package: trig 2023/12/02 v1.11 sin cos tan (DPC)
) (/usr/share/texmf-dist/tex/latex/graphics-cfg/graphics.cfg
File: graphics.cfg 2016/06/04 v1.11 sample graphics configuration
)
Package graphics Info: Driver file: pdftex.def on input line 106.
 (/usr/share/texmf-dist/tex/latex/graphics-def/pdftex.def
File: pdftex.def 2025/09/29 v1.2d Graphics/color driver for pdftex
))
\Gin@req@height=\dimen163
\Gin@req@width=\dimen164
) (/usr/share/texmf-dist/tex/latex/amsmath/amsmath.sty
Package: amsmath 2025/07/09 v2.17z AMS math features
\@mathmargin=\skip54

For additional information on amsmath, use the `?' option.
(/usr/share/texmf-dist/tex/latex/amsmath/amstext.sty
Package: amstext 2024/11/17 v2.01 AMS text
 (/usr/share/texmf-dist/tex/latex/amsmath/amsgen.sty
File: amsgen.sty 1999/11/30 v2.0 generic functions
\@emptytoks=\toks23
\ex@=\dimen165
)) (/usr/share/texmf-dist/tex/latex/amsmath/amsbsy.sty
Package: amsbsy 1999/11/29 v1.2d Bold Symbols
\pmbraise@=\dimen166
) (/usr/share/texmf-dist/tex/latex/amsmath/amsopn.sty
Package: amsopn 2022/04/08 v2.04 operator names
)
\inf@bad=\count288
LaTeX Info: Redefining \frac on input line 233.
\uproot@=\count289
\leftroot@=\count290
LaTeX Info: Redefining \overline on input line 398.
LaTeX Info: Redefining \colon on input line 409.
\classnum@=\count291
\DOTSCASE@=\count292
LaTeX Info: Redefining \ldots on input line 495.
LaTeX Info: Redefining \dots on input line 498.
LaTeX Info: Redefining \cdots on input line 619.
\Mathstrutbox@=\box55
\strutbox@=\box56
LaTeX Info: Redefining \big on input line 721.
LaTeX Info: Redefining \Big on input line 722.
LaTeX Info: Redefining \bigg on input line 723.
LaTeX Info: Redefining \Bigg on input line 724.
\big@size=\dimen167
LaTeX Font Info:    Redeclaring font encoding OML on input line 742.
LaTeX Font Info:    Redeclaring font encoding OMS on input line 743.
\macc@depth=\count293
LaTeX Info: Redefining \bmod on input line 904.
LaTeX Info: Redefining \pmod on input line 909.
LaTeX Info: Redefining \smash on input line 939.
LaTeX Info: Redefining \relbar on input line 969.
LaTeX Info: Redefining \Relbar on input line 970.
\c@MaxMatrixCols=\count294
\dotsspace@=\muskip17
\c@parentequation=\count295
\dspbrk@lvl=\count296
\tag@help=\toks24
\row@=\count297
\column@=\count298
\maxfields@=\count299
\andhelp@=\toks25
\eqnshift@=\dimen168
\alignsep@=\dimen169
\tagshift@=\dimen170
\tagwidth@=\dimen171
\totwidth@=\dimen172
\lineht@=\dimen173
\@envbody=\toks26
\multlinegap=\skip55
\multlinetaggap=\skip56
\mathdisplay@stack=\toks27
LaTeX Info: Redefining \[ on input line 2950.
LaTeX Info: Redefining \] on input line 2951.
) (/usr/share/texmf-dist/tex/latex/amsfonts/amsfonts.sty
Package: amsfonts 2013/01/14 v3.01 Basic AMSFonts support
\symAMSa=\mathgroup4
\symAMSb=\mathgroup5
LaTeX Font Info:    Redeclaring math symbol \hbar on input line 98.
LaTeX Font Info:    Overwriting math alphabet `\mathfrak' in version `bold'
(Font)                  U/euf/m/n --> U/euf/b/n on input line 106.
) (/usr/share/texmf-dist/tex/latex/amsfonts/amssymb.sty
Package: amssymb 2013/01/14 v3.01 AMS font symbols
) (/usr/share/texmf-dist/tex/latex/parskip/parskip.sty
Package: parskip 2021-03-14 v2.0h non-zero parskip adjustments
 (/usr/share/texmf-dist/tex/latex/kvoptions/kvoptions.sty
Package: kvoptions 2022-06-15 v3.15 Key value format for package options (HO)
 (/usr/share/texmf-dist/tex/generic/ltxcmds/ltxcmds.sty
Package: ltxcmds 2023-12-04 v1.26 LaTeX kernel commands for general use (HO)
) (/usr/share/texmf-dist/tex/latex/kvsetkeys/kvsetkeys.sty
Package: kvsetkeys 2022-10-05 v1.19 Key value parser (HO)
)) (/usr/share/texmf-dist/tex/latex/etoolbox/etoolbox.sty
Package: etoolbox 2025/10/02 v2.5m e-TeX tools for LaTeX (JAW)
\etb@tempcnta=\count300
)) (/usr/share/texmf-dist/tex/latex/float/float.sty
Package: float 2001/11/08 v1.3d Float enhancements (AL)
\c@float@type=\count301
\float@exts=\toks28
\float@box=\box57
\@float@everytoks=\toks29
\@floatcapt=\box58
) (/usr/share/texmf-dist/tex/latex/setspace/setspace.sty
Package: setspace 2022/12/04 v6.7b set line spacing
) (/usr/share/texmf-dist/tex/latex/fancyhdr/fancyhdr.sty
Package: fancyhdr 2025/02/07 v5.2 Extensive control of page headers and footers
\f@nch@headwidth=\skip57
\f@nch@offset@elh=\skip58
\f@nch@offset@erh=\skip59
\f@nch@offset@olh=\skip60
\f@nch@offset@orh=\skip61
\f@nch@offset@elf=\skip62
\f@nch@offset@erf=\skip63
\f@nch@offset@olf=\skip64
\f@nch@offset@orf=\skip65
\f@nch@height=\skip66
\f@nch@footalignment=\skip67
\f@nch@widthL=\skip68
\f@nch@widthC=\skip69
\f@nch@widthR=\skip70
\@temptokenb=\toks30
) (/usr/share/texmf-dist/tex/latex/l3backend/l3backend-pdftex.def
File: l3backend-pdftex.def 2025-10-09 L3 backend support: PDF output (pdfTeX)
\l__color_backend_stack_int=\count302
)
No file Informe_Imagenes.aux.
\openout1 = `Informe_Imagenes.aux'.

LaTeX Font Info:    Checking defaults for OML/cmm/m/it on input line 37.
LaTeX Font Info:    ... okay on input line 37.
LaTeX Font Info:    Checking defaults for OMS/cmsy/m/n on input line 37.
LaTeX Font Info:    ... okay on input line 37.
LaTeX Font Info:    Checking defaults for OT1/cmr/m/n on input line 37.
LaTeX Font Info:    ... okay on input line 37.
LaTeX Font Info:    Checking defaults for T1/cmr/m/n on input line 37.
LaTeX Font Info:    ... okay on input line 37.
LaTeX Font Info:    Checking defaults for TS1/cmr/m/n on input line 37.
LaTeX Font Info:    ... okay on input line 37.
LaTeX Font Info:    Checking defaults for OMX/cmex/m/n on input line 37.
LaTeX Font Info:    ... okay on input line 37.
LaTeX Font Info:    Checking defaults for U/cmr/m/n on input line 37.
LaTeX Font Info:    ... okay on input line 37.
*geometry* driver: auto-detecting
*geometry* detected driver: pdftex
*geometry* verbose mode - [ preamble ] result:
* driver: pdftex
* paper: <default>
* layout: <same size as paper>
* layoutoffset:(h,v)=(0.0pt,0.0pt)
* modes: 
* h-part:(L,W,R)=(71.13188pt, 486.25761pt, 56.9055pt)
* v-part:(T,H,B)=(42.67912pt, 666.9326pt, 85.35826pt)
* \paperwidth=614.295pt
* \paperheight=794.96999pt
* \textwidth=486.25761pt
* \textheight=666.9326pt
* \oddsidemargin=-1.1381pt
* \evensidemargin=-1.1381pt
* \topmargin=-66.59087pt
* \headheight=65.0pt
* \headsep=24.0pt
* \topskip=11.0pt
* \footskip=14.0pt
* \marginparwidth=59.0pt
* \marginparsep=10.0pt
* \columnsep=10.0pt
* \skip\footins=10.0pt plus 4.0pt minus 2.0pt
* \hoffset=0.0pt
* \voffset=0.0pt
* \mag=1000
* \@twocolumnfalse
* \@twosidefalse
* \@mparswitchfalse
* \@reversemarginfalse
* (1in=72.27pt=25.4mm, 1cm=28.453pt)

(/usr/share/texmf-dist/tex/context/base/mkii/supp-pdf.mkii
[Loading MPS to PDF converter (version 2006.09.02).]
\scratchcounter=\count303
\scratchdimen=\dimen174
\scratchbox=\box59
\nofMPsegments=\count304
\nofMParguments=\count305
\everyMPshowfont=\toks31
\MPscratchCnt=\count306
\MPscratchDim=\dimen175
\MPnumerator=\count307
\makeMPintoPDFobject=\count308
\everyMPtoPDFconversion=\toks32
) (/usr/share/texmf-dist/tex/latex/epstopdf-pkg/epstopdf-base.sty
Package: epstopdf-base 2020-01-24 v2.11 Base part for package epstopdf
Package epstopdf-base Info: Redefining graphics rule for `.eps' on input line 485.
 (/usr/share/texmf-dist/tex/latex/latexconfig/epstopdf-sys.cfg
File: epstopdf-sys.cfg 2010/07/13 v1.3 Configuration of (r)epstopdf for TeX Live
))
LaTeX Font Info:    Trying to load font information for U+msa on input line 41.
 (/usr/share/texmf-dist/tex/latex/amsfonts/umsa.fd
File: umsa.fd 2013/01/14 v3.01 AMS symbols A
)
LaTeX Font Info:    Trying to load font information for U+msb on input line 41.
 (/usr/share/texmf-dist/tex/latex/amsfonts/umsb.fd
File: umsb.fd 2013/01/14 v3.01 AMS symbols B
)

LaTeX Warning: File `picture/logoSW2026.pdf' not found on input line 88.


/home/david/Desktop/projects/university/ai/Procesamiento de imagenes/Informe_Imagenes.tex:88: Package pdftex.def Error: File `picture/logoSW2026.pdf' not found: using draft setting.

See the pdftex.def package documentation for explanation.
Type  H <return>  for immediate help.
 ...                                              
                                                  
l.88     \item V
                isualizar la imagen desde sus canales de color para comparar...
Try typing  <return>  to proceed.
If that doesn't work, type  X <return>  to quit.


Package fancyhdr Warning: \headheight is too small (65.0pt): 
(fancyhdr)                Make it at least 490.47108pt, for example:
(fancyhdr)                \setlength{\headheight}{490.47108pt}.
(fancyhdr)                You might also make \topmargin smaller:
(fancyhdr)                \addtolength{\topmargin}{-425.47108pt}.

[1{/var/lib/texmf/fonts/map/pdftex/updmap/pdftex.map}{/usr/share/texmf-dist/fonts/enc/dvips/cm-super/cm-super-t1.enc}

{/usr/share/texmf-dist/fonts/enc/dvips/cm-super/cm-super-ts1.enc}]

LaTeX Warning: File `picture/logoSW2026.pdf' not found on input line 126.


/home/david/Desktop/projects/university/ai/Procesamiento de imagenes/Informe_Imagenes.tex:126: Package pdftex.def Error: File `picture/logoSW2026.pdf' not found: using draft setting.

See the pdftex.def package documentation for explanation.
Type  H <return>  for immediate help.
 ...                                              
                                                  
l.126 
      
Try typing  <return>  to proceed.
If that doesn't work, type  X <return>  to quit.


Package fancyhdr Warning: \headheight is too small (65.0pt): 
(fancyhdr)                Make it at least 490.47108pt, for example:
(fancyhdr)                \setlength{\headheight}{490.47108pt}.
(fancyhdr)                You might also make \topmargin smaller:
(fancyhdr)                \addtolength{\topmargin}{-425.47108pt}.

[2]

LaTeX Warning: File `picture/retina_correcion/retina_normal_diabetes.png' not found on input line 135.


/home/david/Desktop/projects/university/ai/Procesamiento de imagenes/Informe_Imagenes.tex:135: Package pdftex.def Error: File `picture/retina_correcion/retina_normal_diabetes.png' not found: using draft setting.

See the pdftex.def package documentation for explanation.
Type  H <return>  for immediate help.
 ...                                              
                                                  
l.135 ...ina_correcion/retina_normal_diabetes.png}
                                                  
Try typing  <return>  to proceed.
If that doesn't work, type  X <return>  to quit.


LaTeX Warning: File `picture/retina_correcion/histograma_normal_rojo.png' not found on input line 148.


/home/david/Desktop/projects/university/ai/Procesamiento de imagenes/Informe_Imagenes.tex:148: Package pdftex.def Error: File `picture/retina_correcion/histograma_normal_rojo.png' not found: using draft setting.

See the pdftex.def package documentation for explanation.
Type  H <return>  for immediate help.
 ...                                              
                                                  
l.148 ...ina_correcion/histograma_normal_rojo.png}
                                                  
Try typing  <return>  to proceed.
If that doesn't work, type  X <return>  to quit.


LaTeX Warning: File `picture/retina_correcion/histograma_normal_verde.png' not found on input line 154.


/home/david/Desktop/projects/university/ai/Procesamiento de imagenes/Informe_Imagenes.tex:154: Package pdftex.def Error: File `picture/retina_correcion/histograma_normal_verde.png' not found: using draft setting.

See the pdftex.def package documentation for explanation.
Type  H <return>  for immediate help.
 ...                                              
                                                  
l.154 ...na_correcion/histograma_normal_verde.png}
                                                  
Try typing  <return>  to proceed.
If that doesn't work, type  X <return>  to quit.


LaTeX Warning: File `picture/retina_correcion/histograma_normal_azul.png' not found on input line 160.


/home/david/Desktop/projects/university/ai/Procesamiento de imagenes/Informe_Imagenes.tex:160: Package pdftex.def Error: File `picture/retina_correcion/histograma_normal_azul.png' not found: using draft setting.

See the pdftex.def package documentation for explanation.
Type  H <return>  for immediate help.
 ...                                              
                                                  
l.160 ...ina_correcion/histograma_normal_azul.png}
                                                  
Try typing  <return>  to proceed.
If that doesn't work, type  X <return>  to quit.


LaTeX Warning: File `picture/logoSW2026.pdf' not found on input line 165.


/home/david/Desktop/projects/university/ai/Procesamiento de imagenes/Informe_Imagenes.tex:165: Package pdftex.def Error: File `picture/logoSW2026.pdf' not found: using draft setting.

See the pdftex.def package documentation for explanation.
Type  H <return>  for immediate help.
 ...                                              
                                                  
l.165 \end{figure}
                  
Try typing  <return>  to proceed.
If that doesn't work, type  X <return>  to quit.


Package fancyhdr Warning: \headheight is too small (65.0pt): 
(fancyhdr)                Make it at least 490.47108pt, for example:
(fancyhdr)                \setlength{\headheight}{490.47108pt}.
(fancyhdr)                You might also make \topmargin smaller:
(fancyhdr)                \addtolength{\topmargin}{-425.47108pt}.

[3]

LaTeX Warning: Citation `b1' on page 4 undefined on input line 175.


LaTeX Warning: File `picture/logoSW2026.pdf' not found on input line 181.


/home/david/Desktop/projects/university/ai/Procesamiento de imagenes/Informe_Imagenes.tex:181: Package pdftex.def Error: File `picture/logoSW2026.pdf' not found: using draft setting.

See the pdftex.def package documentation for explanation.
Type  H <return>  for immediate help.
 ...                                              
                                                  
l.181 \end{equation}
                    
Try typing  <return>  to proceed.
If that doesn't work, type  X <return>  to quit.


Package fancyhdr Warning: \headheight is too small (65.0pt): 
(fancyhdr)                Make it at least 490.47108pt, for example:
(fancyhdr)                \setlength{\headheight}{490.47108pt}.
(fancyhdr)                You might also make \topmargin smaller:
(fancyhdr)                \addtolength{\topmargin}{-425.47108pt}.

[4]

LaTeX Warning: Reference `eq:normalizacion' on page 5 undefined on input line 188.


LaTeX Warning: File `picture/retina_correcion/histograma_normalizado_rojo.png' not found on input line 200.


/home/david/Desktop/projects/university/ai/Procesamiento de imagenes/Informe_Imagenes.tex:200: Package pdftex.def Error: File `picture/retina_correcion/histograma_normalizado_rojo.png' not found: using draft setting.

See the pdftex.def package documentation for explanation.
Type  H <return>  for immediate help.
 ...                                              
                                                  
l.200 ...orrecion/histograma_normalizado_rojo.png}
                                                  
Try typing  <return>  to proceed.
If that doesn't work, type  X <return>  to quit.


LaTeX Warning: File `picture/retina_correcion/histograma_normalizado_verde.png' not found on input line 206.


/home/david/Desktop/projects/university/ai/Procesamiento de imagenes/Informe_Imagenes.tex:206: Package pdftex.def Error: File `picture/retina_correcion/histograma_normalizado_verde.png' not found: using draft setting.

See the pdftex.def package documentation for explanation.
Type  H <return>  for immediate help.
 ...                                              
                                                  
l.206 ...rrecion/histograma_normalizado_verde.png}
                                                  
Try typing  <return>  to proceed.
If that doesn't work, type  X <return>  to quit.


LaTeX Warning: File `picture/retina_correcion/histograma_normalizado_azul.png' not found on input line 212.


/home/david/Desktop/projects/university/ai/Procesamiento de imagenes/Informe_Imagenes.tex:212: Package pdftex.def Error: File `picture/retina_correcion/histograma_normalizado_azul.png' not found: using draft setting.

See the pdftex.def package documentation for explanation.
Type  H <return>  for immediate help.
 ...                                              
                                                  
l.212 ...orrecion/histograma_normalizado_azul.png}
                                                  
Try typing  <return>  to proceed.
If that doesn't work, type  X <return>  to quit.


LaTeX Warning: File `picture/logoSW2026.pdf' not found on input line 218.


/home/david/Desktop/projects/university/ai/Procesamiento de imagenes/Informe_Imagenes.tex:218: Package pdftex.def Error: File `picture/logoSW2026.pdf' not found: using draft setting.

See the pdftex.def package documentation for explanation.
Type  H <return>  for immediate help.
 ...                                              
                                                  
l.218 
      
Try typing  <return>  to proceed.
If that doesn't work, type  X <return>  to quit.


Package fancyhdr Warning: \headheight is too small (65.0pt): 
(fancyhdr)                Make it at least 490.47108pt, for example:
(fancyhdr)                \setlength{\headheight}{490.47108pt}.
(fancyhdr)                You might also make \topmargin smaller:
(fancyhdr)                \addtolength{\topmargin}{-425.47108pt}.

[5]

LaTeX Warning: File `picture/retina_correcion/retina_normal_diabetes.png' not found on input line 229.


/home/david/Desktop/projects/university/ai/Procesamiento de imagenes/Informe_Imagenes.tex:229: Package pdftex.def Error: File `picture/retina_correcion/retina_normal_diabetes.png' not found: using draft setting.

See the pdftex.def package documentation for explanation.
Type  H <return>  for immediate help.
 ...                                              
                                                  
l.229 ...ina_correcion/retina_normal_diabetes.png}
                                                  
Try typing  <return>  to proceed.
If that doesn't work, type  X <return>  to quit.


LaTeX Warning: File `picture/retina_correcion/retina_normalizada.png' not found on input line 235.


/home/david/Desktop/projects/university/ai/Procesamiento de imagenes/Informe_Imagenes.tex:235: Package pdftex.def Error: File `picture/retina_correcion/retina_normalizada.png' not found: using draft setting.

See the pdftex.def package documentation for explanation.
Type  H <return>  for immediate help.
 ...                                              
                                                  
l.235 .../retina_correcion/retina_normalizada.png}
                                                  
Try typing  <return>  to proceed.
If that doesn't work, type  X <return>  to quit.


LaTeX Warning: File `picture/logoSW2026.pdf' not found on input line 243.


/home/david/Desktop/projects/university/ai/Procesamiento de imagenes/Informe_Imagenes.tex:243: Package pdftex.def Error: File `picture/logoSW2026.pdf' not found: using draft setting.

See the pdftex.def package documentation for explanation.
Type  H <return>  for immediate help.
 ...                                              
                                                  
l.243 
      
Try typing  <return>  to proceed.
If that doesn't work, type  X <return>  to quit.


Package fancyhdr Warning: \headheight is too small (65.0pt): 
(fancyhdr)                Make it at least 490.47108pt, for example:
(fancyhdr)                \setlength{\headheight}{490.47108pt}.
(fancyhdr)                You might also make \topmargin smaller:
(fancyhdr)                \addtolength{\topmargin}{-425.47108pt}.

[6]

LaTeX Warning: Reference `fig:exudados_marcados_color' on page 7 undefined on input line 244.


LaTeX Warning: File `picture/retina_correcion/retina_normalizada_exudados_marcados.png' not found on input line 248.


/home/david/Desktop/projects/university/ai/Procesamiento de imagenes/Informe_Imagenes.tex:248: Package pdftex.def Error: File `picture/retina_correcion/retina_normalizada_exudados_marcados.png' not found: using draft setting.

See the pdftex.def package documentation for explanation.
Type  H <return>  for immediate help.
 ...                                              
                                                  
l.248 ...retina_normalizada_exudados_marcados.png}
                                                  
Try typing  <return>  to proceed.
If that doesn't work, type  X <return>  to quit.


LaTeX Warning: Citation `b3' on page 7 undefined on input line 259.


LaTeX Warning: File `picture/logoSW2026.pdf' not found on input line 260.


/home/david/Desktop/projects/university/ai/Procesamiento de imagenes/Informe_Imagenes.tex:260: Package pdftex.def Error: File `picture/logoSW2026.pdf' not found: using draft setting.

See the pdftex.def package documentation for explanation.
Type  H <return>  for immediate help.
 ...                                              
                                                  
l.260 
      
Try typing  <return>  to proceed.
If that doesn't work, type  X <return>  to quit.


Package fancyhdr Warning: \headheight is too small (65.0pt): 
(fancyhdr)                Make it at least 490.47108pt, for example:
(fancyhdr)                \setlength{\headheight}{490.47108pt}.
(fancyhdr)                You might also make \topmargin smaller:
(fancyhdr)                \addtolength{\topmargin}{-425.47108pt}.

[7]

LaTeX Warning: File `picture/retina_correcion/imagen_retina_normalizacion_comprension_binario.png' not found on input line 269.


/home/david/Desktop/projects/university/ai/Procesamiento de imagenes/Informe_Imagenes.tex:269: Package pdftex.def Error: File `picture/retina_correcion/imagen_retina_normalizacion_comprension_binario.png' not found: using draft setting.

See the pdftex.def package documentation for explanation.
Type  H <return>  for immediate help.
 ...                                              
                                                  
l.269 ...na_normalizacion_comprension_binario.png}
                                                  
Try typing  <return>  to proceed.
If that doesn't work, type  X <return>  to quit.


LaTeX Warning: File `picture/logoSW2026.pdf' not found on input line 273.


/home/david/Desktop/projects/university/ai/Procesamiento de imagenes/Informe_Imagenes.tex:273: Package pdftex.def Error: File `picture/logoSW2026.pdf' not found: using draft setting.

See the pdftex.def package documentation for explanation.
Type  H <return>  for immediate help.
 ...                                              
                                                  
l.273 
      
Try typing  <return>  to proceed.
If that doesn't work, type  X <return>  to quit.


Package fancyhdr Warning: \headheight is too small (65.0pt): 
(fancyhdr)                Make it at least 490.47108pt, for example:
(fancyhdr)                \setlength{\headheight}{490.47108pt}.
(fancyhdr)                You might also make \topmargin smaller:
(fancyhdr)                \addtolength{\topmargin}{-425.47108pt}.

[8]

LaTeX Warning: Citation `b2' on page 9 undefined on input line 281.


LaTeX Warning: File `picture/logoSW2026.pdf' not found on input line 282.


/home/david/Desktop/projects/university/ai/Procesamiento de imagenes/Informe_Imagenes.tex:282: Package pdftex.def Error: File `picture/logoSW2026.pdf' not found: using draft setting.

See the pdftex.def package documentation for explanation.
Type  H <return>  for immediate help.
 ...                                              
                                                  
l.282 
      
Try typing  <return>  to proceed.
If that doesn't work, type  X <return>  to quit.


Package fancyhdr Warning: \headheight is too small (65.0pt): 
(fancyhdr)                Make it at least 490.47108pt, for example:
(fancyhdr)                \setlength{\headheight}{490.47108pt}.
(fancyhdr)                You might also make \topmargin smaller:
(fancyhdr)                \addtolength{\topmargin}{-425.47108pt}.

[9]

LaTeX Warning: Citation `b4' on page 10 undefined on input line 283.


LaTeX Warning: Reference `fig:comparacion_peso' on page 10 undefined on input line 298.


LaTeX Warning: File `picture/retina_correcion/imagen_original_peso.png' not found on input line 304.


/home/david/Desktop/projects/university/ai/Procesamiento de imagenes/Informe_Imagenes.tex:304: Package pdftex.def Error: File `picture/retina_correcion/imagen_original_peso.png' not found: using draft setting.

See the pdftex.def package documentation for explanation.
Type  H <return>  for immediate help.
 ...                                              
                                                  
l.304 ...etina_correcion/imagen_original_peso.png}
                                                  
Try typing  <return>  to proceed.
If that doesn't work, type  X <return>  to quit.


LaTeX Warning: File `picture/retina_correcion/compresion_imagen_binaria.png' not found on input line 310.


/home/david/Desktop/projects/university/ai/Procesamiento de imagenes/Informe_Imagenes.tex:310: Package pdftex.def Error: File `picture/retina_correcion/compresion_imagen_binaria.png' not found: using draft setting.

See the pdftex.def package documentation for explanation.
Type  H <return>  for immediate help.
 ...                                              
                                                  
l.310 ..._correcion/compresion_imagen_binaria.png}
                                                  
Try typing  <return>  to proceed.
If that doesn't work, type  X <return>  to quit.


LaTeX Warning: File `picture/logoSW2026.pdf' not found on input line 316.


/home/david/Desktop/projects/university/ai/Procesamiento de imagenes/Informe_Imagenes.tex:316: Package pdftex.def Error: File `picture/logoSW2026.pdf' not found: using draft setting.

See the pdftex.def package documentation for explanation.
Type  H <return>  for immediate help.
 ...                                              
                                                  
l.316 
      
Try typing  <return>  to proceed.
If that doesn't work, type  X <return>  to quit.


Package fancyhdr Warning: \headheight is too small (65.0pt): 
(fancyhdr)                Make it at least 490.47108pt, for example:
(fancyhdr)                \setlength{\headheight}{490.47108pt}.
(fancyhdr)                You might also make \topmargin smaller:
(fancyhdr)                \addtolength{\topmargin}{-425.47108pt}.

[10]

LaTeX Warning: Reference `fig:comparacion_umbrales' on page 11 undefined on input line 323.


LaTeX Warning: File `picture/retina_correcion/binaria_imagen_84.png' not found on input line 329.


/home/david/Desktop/projects/university/ai/Procesamiento de imagenes/Informe_Imagenes.tex:329: Package pdftex.def Error: File `picture/retina_correcion/binaria_imagen_84.png' not found: using draft setting.

See the pdftex.def package documentation for explanation.
Type  H <return>  for immediate help.
 ...                                              
                                                  
l.329 ...e/retina_correcion/binaria_imagen_84.png}
                                                  
Try typing  <return>  to proceed.
If that doesn't work, type  X <return>  to quit.


LaTeX Warning: File `picture/retina_correcion/imagen_binaria_142.png' not found on input line 335.


/home/david/Desktop/projects/university/ai/Procesamiento de imagenes/Informe_Imagenes.tex:335: Package pdftex.def Error: File `picture/retina_correcion/imagen_binaria_142.png' not found: using draft setting.

See the pdftex.def package documentation for explanation.
Type  H <return>  for immediate help.
 ...                                              
                                                  
l.335 .../retina_correcion/imagen_binaria_142.png}
                                                  
Try typing  <return>  to proceed.
If that doesn't work, type  X <return>  to quit.


LaTeX Warning: File `picture/logoSW2026.pdf' not found on input line 340.


/home/david/Desktop/projects/university/ai/Procesamiento de imagenes/Informe_Imagenes.tex:340: Package pdftex.def Error: File `picture/logoSW2026.pdf' not found: using draft setting.

See the pdftex.def package documentation for explanation.
Type  H <return>  for immediate help.
 ...                                              
                                                  
l.340 \end{figure}
                  
Try typing  <return>  to proceed.
If that doesn't work, type  X <return>  to quit.


Package fancyhdr Warning: \headheight is too small (65.0pt): 
(fancyhdr)                Make it at least 490.47108pt, for example:
(fancyhdr)                \setlength{\headheight}{490.47108pt}.
(fancyhdr)                You might also make \topmargin smaller:
(fancyhdr)                \addtolength{\topmargin}{-425.47108pt}.

[11]

LaTeX Warning: File `picture/retina_correcion/retina_normal_diabetes.png' not found on input line 354.


/home/david/Desktop/projects/university/ai/Procesamiento de imagenes/Informe_Imagenes.tex:354: Package pdftex.def Error: File `picture/retina_correcion/retina_normal_diabetes.png' not found: using draft setting.

See the pdftex.def package documentation for explanation.
Type  H <return>  for immediate help.
 ...                                              
                                                  
l.354 ...ina_correcion/retina_normal_diabetes.png}
                                                  
Try typing  <return>  to proceed.
If that doesn't work, type  X <return>  to quit.


LaTeX Warning: File `picture/retina_correcion/retina_normalizada.png' not found on input line 360.


/home/david/Desktop/projects/university/ai/Procesamiento de imagenes/Informe_Imagenes.tex:360: Package pdftex.def Error: File `picture/retina_correcion/retina_normalizada.png' not found: using draft setting.

See the pdftex.def package documentation for explanation.
Type  H <return>  for immediate help.
 ...                                              
                                                  
l.360 .../retina_correcion/retina_normalizada.png}
                                                  
Try typing  <return>  to proceed.
If that doesn't work, type  X <return>  to quit.


LaTeX Warning: File `picture/retina_correcion/retina_comprimida_gris.png' not found on input line 366.


/home/david/Desktop/projects/university/ai/Procesamiento de imagenes/Informe_Imagenes.tex:366: Package pdftex.def Error: File `picture/retina_correcion/retina_comprimida_gris.png' not found: using draft setting.

See the pdftex.def package documentation for explanation.
Type  H <return>  for immediate help.
 ...                                              
                                                  
l.366 ...ina_correcion/retina_comprimida_gris.png}
                                                  
Try typing  <return>  to proceed.
If that doesn't work, type  X <return>  to quit.


LaTeX Warning: File `picture/logoSW2026.pdf' not found on input line 372.


/home/david/Desktop/projects/university/ai/Procesamiento de imagenes/Informe_Imagenes.tex:372: Package pdftex.def Error: File `picture/logoSW2026.pdf' not found: using draft setting.

See the pdftex.def package documentation for explanation.
Type  H <return>  for immediate help.
 ...                                              
                                                  
l.372 
      
Try typing  <return>  to proceed.
If that doesn't work, type  X <return>  to quit.


Package fancyhdr Warning: \headheight is too small (65.0pt): 
(fancyhdr)                Make it at least 490.47108pt, for example:
(fancyhdr)                \setlength{\headheight}{490.47108pt}.
(fancyhdr)                You might also make \topmargin smaller:
(fancyhdr)                \addtolength{\topmargin}{-425.47108pt}.

[12]

LaTeX Warning: Reference `fig:exudados_marcados_gris_binaria' on page 13 undefined on input line 373.


LaTeX Warning: File `picture/retina_correcion/retina_comprimida_gris_exudados_marcados.png' not found on input line 379.


/home/david/Desktop/projects/university/ai/Procesamiento de imagenes/Informe_Imagenes.tex:379: Package pdftex.def Error: File `picture/retina_correcion/retina_comprimida_gris_exudados_marcados.png' not found: using draft setting.

See the pdftex.def package documentation for explanation.
Type  H <return>  for immediate help.
 ...                                              
                                                  
l.379 ...na_comprimida_gris_exudados_marcados.png}
                                                  
Try typing  <return>  to proceed.
If that doesn't work, type  X <return>  to quit.


LaTeX Warning: File `picture/retina_correcion/imagen_binaria_142_exudos.png' not found on input line 385.


/home/david/Desktop/projects/university/ai/Procesamiento de imagenes/Informe_Imagenes.tex:385: Package pdftex.def Error: File `picture/retina_correcion/imagen_binaria_142_exudos.png' not found: using draft setting.

See the pdftex.def package documentation for explanation.
Type  H <return>  for immediate help.
 ...                                              
                                                  
l.385 ..._correcion/imagen_binaria_142_exudos.png}
                                                  
Try typing  <return>  to proceed.
If that doesn't work, type  X <return>  to quit.


LaTeX Warning: File `picture/logoSW2026.pdf' not found on input line 393.


/home/david/Desktop/projects/university/ai/Procesamiento de imagenes/Informe_Imagenes.tex:393: Package pdftex.def Error: File `picture/logoSW2026.pdf' not found: using draft setting.

See the pdftex.def package documentation for explanation.
Type  H <return>  for immediate help.
 ...                                              
                                                  
l.393 
      
Try typing  <return>  to proceed.
If that doesn't work, type  X <return>  to quit.


Package fancyhdr Warning: \headheight is too small (65.0pt): 
(fancyhdr)                Make it at least 490.47108pt, for example:
(fancyhdr)                \setlength{\headheight}{490.47108pt}.
(fancyhdr)                You might also make \topmargin smaller:
(fancyhdr)                \addtolength{\topmargin}{-425.47108pt}.

[13]
Underfull \hbox (badness 10000) in paragraph at lines 397--406

 []


LaTeX Warning: File `picture/logoSW2026.pdf' not found on input line 423.


/home/david/Desktop/projects/university/ai/Procesamiento de imagenes/Informe_Imagenes.tex:423: Package pdftex.def Error: File `picture/logoSW2026.pdf' not found: using draft setting.

See the pdftex.def package documentation for explanation.
Type  H <return>  for immediate help.
 ...                                              
                                                  
l.423 \end{enumerate}
                     
Try typing  <return>  to proceed.
If that doesn't work, type  X <return>  to quit.


Package fancyhdr Warning: \headheight is too small (65.0pt): 
(fancyhdr)                Make it at least 490.47108pt, for example:
(fancyhdr)                \setlength{\headheight}{490.47108pt}.
(fancyhdr)                You might also make \topmargin smaller:
(fancyhdr)                \addtolength{\topmargin}{-425.47108pt}.

[14]

LaTeX Warning: File `picture/caverna/Anexo_otra_imagen_caverna_original.jpg' not found on input line 451.


/home/david/Desktop/projects/university/ai/Procesamiento de imagenes/Informe_Imagenes.tex:451: Package pdftex.def Error: File `picture/caverna/Anexo_otra_imagen_caverna_original.jpg' not found: using draft setting.

See the pdftex.def package documentation for explanation.
Type  H <return>  for immediate help.
 ...                                              
                                                  
l.451 ...a/Anexo_otra_imagen_caverna_original.jpg}
                                                  
Try typing  <return>  to proceed.
If that doesn't work, type  X <return>  to quit.


LaTeX Warning: File `picture/logoSW2026.pdf' not found on input line 455.


/home/david/Desktop/projects/university/ai/Procesamiento de imagenes/Informe_Imagenes.tex:455: Package pdftex.def Error: File `picture/logoSW2026.pdf' not found: using draft setting.

See the pdftex.def package documentation for explanation.
Type  H <return>  for immediate help.
 ...                                              
                                                  
l.455 
      
Try typing  <return>  to proceed.
If that doesn't work, type  X <return>  to quit.


Package fancyhdr Warning: \headheight is too small (65.0pt): 
(fancyhdr)                Make it at least 490.47108pt, for example:
(fancyhdr)                \setlength{\headheight}{490.47108pt}.
(fancyhdr)                You might also make \topmargin smaller:
(fancyhdr)                \addtolength{\topmargin}{-425.47108pt}.

[15]

LaTeX Warning: File `picture/caverna/Anexo_otra_imagen_caverna_normalizada_gris_binario.jpg' not found on input line 458.


/home/david/Desktop/projects/university/ai/Procesamiento de imagenes/Informe_Imagenes.tex:458: Package pdftex.def Error: File `picture/caverna/Anexo_otra_imagen_caverna_normalizada_gris_binario.jpg' not found: using draft setting.

See the pdftex.def package documentation for explanation.
Type  H <return>  for immediate help.
 ...                                              
                                                  
l.458 ...gen_caverna_normalizada_gris_binario.jpg}
                                                  
Try typing  <return>  to proceed.
If that doesn't work, type  X <return>  to quit.


LaTeX Warning: File `picture/logoSW2026.pdf' not found on input line 462.


/home/david/Desktop/projects/university/ai/Procesamiento de imagenes/Informe_Imagenes.tex:462: Package pdftex.def Error: File `picture/logoSW2026.pdf' not found: using draft setting.

See the pdftex.def package documentation for explanation.
Type  H <return>  for immediate help.
 ...                                              
                                                  
l.462 
      
Try typing  <return>  to proceed.
If that doesn't work, type  X <return>  to quit.


Package fancyhdr Warning: \headheight is too small (65.0pt): 
(fancyhdr)                Make it at least 490.47108pt, for example:
(fancyhdr)                \setlength{\headheight}{490.47108pt}.
(fancyhdr)                You might also make \topmargin smaller:
(fancyhdr)                \addtolength{\topmargin}{-425.47108pt}.

[16]

LaTeX Warning: File `picture/logoSW2026.pdf' not found on input line 463.


/home/david/Desktop/projects/university/ai/Procesamiento de imagenes/Informe_Imagenes.tex:463: Package pdftex.def Error: File `picture/logoSW2026.pdf' not found: using draft setting.

See the pdftex.def package documentation for explanation.
Type  H <return>  for immediate help.
 ...                                              
                                                  
l.463 \end{document}
                    
Try typing  <return>  to proceed.
If that doesn't work, type  X <return>  to quit.


Package fancyhdr Warning: \headheight is too small (65.0pt): 
(fancyhdr)                Make it at least 490.47108pt, for example:
(fancyhdr)                \setlength{\headheight}{490.47108pt}.
(fancyhdr)                You might also make \topmargin smaller:
(fancyhdr)                \addtolength{\topmargin}{-425.47108pt}.

[17] (./Informe_Imagenes.aux)
 ***********
LaTeX2e <2025-11-01>
L3 programming layer <2026-01-19>
 ***********


LaTeX Warning: There were undefined references.


LaTeX Warning: Label(s) may have changed. Rerun to get cross-references right.

 ) 
Here is how much of TeX's memory you used:
 5819 strings out of 469453
 115109 string characters out of 5469038
 494788 words of memory out of 5000000
 34418 multiletter control sequences out of 15000+600000
 640810 words of font info for 76 fonts, out of 8000000 for 9000
 40 hyphenation exceptions out of 8191
 57i,15n,65p,1276b,578s stack positions out of 10000i,1000n,20000p,200000b,200000s
</usr/share/texmf-dist/fonts/type1/public/amsfonts/cm/cmmi10.pfb></usr/share/texmf-dist/fonts/type1/public/amsfonts/cm/cmmi8.pfb></usr/share/texmf-dist/fonts/type1/public/amsfonts/cm/cmr10.pfb></usr/share/texmf-dist/fonts/type1/public/amsfonts/cm/cmr8.pfb></usr/share/texmf-dist/fonts/type1/public/amsfonts/cm/cmsy10.pfb></usr/share/texmf-dist/fonts/type1/public/amsfonts/symbols/msam10.pfb></usr/share/texmf-dist/fonts/type1/public/cm-super/sfbx1095.pfb></usr/share/texmf-dist/fonts/type1/public/cm-super/sfbx1200.pfb></usr/share/texmf-dist/fonts/type1/public/cm-super/sfbx1440.pfb></usr/share/texmf-dist/fonts/type1/public/cm-super/sfrm1000.pfb></usr/share/texmf-dist/fonts/type1/public/cm-super/sfrm1095.pfb></usr/share/texmf-dist/fonts/type1/public/cm-super/sfti1095.pfb></usr/share/texmf-dist/fonts/type1/public/cm-super/sftt1095.pfb>
Output written on Informe_Imagenes.pdf (17 pages, 247213 bytes).
PDF statistics:
 129 PDF objects out of 1000 (max. 8388607)
 82 compressed objects within 1 object stream
 0 named destinations out of 1000 (max. 500000)
 1 words of extra memory for PDF output out of 10000 (max. 10000000)

